
> catalogo@1.0.0 test
> jest tests/bugFixes.test.js

  console.log
    [HybridAnime] Trovato mapping Kitsu kitsu:123 per TMDB 200. Carico episodi...

      at log (src/handlers/metaHandler.js:160:45)

  console.log
    [HybridAnime] Trovato mapping Kitsu 123 per TMDB 200. Carico episodi...

      at log (src/handlers/metaHandler.js:160:45)

  console.log
    [HybridAnime] Trovato mapping Kitsu 123 per TMDB 200. Carico episodi...

      at log (src/handlers/metaHandler.js:160:45)

  console.log
    [HybridAnime] Trovato mapping Kitsu kitsu:456 per TMDB 300. Carico episodi...

      at log (src/handlers/metaHandler.js:160:45)

npm : FAIL tests/bugFixes.test.js
In riga:1 car:1
+ npm test tests/bugFixes.test.js > test_output.txt 2>&1
+ ~~~~~~~~~~~~~~~~~~~~~~~~~~~~~~~~~~~~~~~~~~~~~~~~~~~~~~
    + CategoryInfo          : NotSpecified: (FAIL tests/bugFixes.test.js:S 
   tring) [], RemoteException
    + FullyQualifiedErrorId : NativeCommandError
 
  Bug Fix: TMDB mirror failover retry limit
    ÔêÜ should export createTmdbClient with interceptor support (29 ms)
  Bug Fix: Cast trim consistency (MAX_CAST_SIZE)
    ÔêÜ should limit cast to MAX_CAST_SIZE (10) not 15 (9 ms)
  Bug Fix: Lingva 414 URI truncation
    ÔêÜ should truncate very long overviews before sending to Lingva (8 ms)
  Bug Fix: Negative cache for ID lookups
    ÔêÜ should cache null results for getTmdbIdByName (8 ms)
    ÔêÜ should cache null results for resolveImdbId (7 ms)
  Bug Fix: RAM cache sizing (ramMax 500)
    ÔêÜ should use ramMax 500 for TMDB caches instead of 50 (8 ms)
  Bug Fix: Episode fetch uses rate-limited batching
    ÔêÜ should fetch episodes for series metadata using rate-limited 
approach (12 ms)
  Bug Fix: MDBList negative cache and parallel processing
    ÔêÜ should cache null when MDBList returns no ratings (6 ms)
    ÔêÜ should return cached stale data for MDBList ratings (3 ms)
  Bug Fix: metaHandler SWR and anime detection
    ÔêÜ should use getWithStatus for SWR support in metaHandler (9 ms)
    ÔêÜ should not classify western animation as anime (652 ms)
    ├ù should classify actual anime with anime keyword (417 ms)
    ├ù should override TMDB episode list with Kitsu episodes for anime 
when Kitsu is available (325 ms)
    ├ù should normalize Kitsu fallback episode ids to the TMDB or IMDb 
series id (315 ms)
    ÔêÜ should not make duplicate getTmdbMetaDetails calls (349 ms)
  Bug Fix: SWR L2 status ternary returns miss not fresh for expired data
    ÔêÜ should return miss when data is beyond both ramTtl and SWR window 
(1 ms)
    ÔêÜ should return fresh when data is within ramTtl (1 ms)
    ÔêÜ should return stale when data is within SWR window (1 ms)
  Bug Fix: Anime keyword detection uses raw keywords, not sliced links
    ├ù should detect anime even when anime keyword is beyond the first 5 
link slots (367 ms)
  Bug Fix: Episode fallback requests are rate-limited
    ÔêÜ should fetch fallback overview episodes without parallel burst (10 
ms)
  Bug Fix: Trakt TMDB enrichment uses rate-limited batching
    ÔêÜ should import rateLimitedMapFiltered in trakt.js (2 ms)
    ÔêÜ should import rateLimitedMapFiltered from rateLimiter (1 ms)
  Bug Fix: Lingva timeout reduced to 1500ms
    ÔêÜ should use a timeout of 1500ms for Lingva translation requests (1 
ms)

  ÔùÅ Bug Fix: metaHandler SWR and anime detection ÔÇ║ should classify 
actual anime with anime keyword

    expect(received).toEqual(expected) // deep equality

    - Expected  - 1
    + Received  + 1

      Array [
        Object {
          "episode": 1,
    -     "id": "tt200:1:1",
    +     "id": "kitsu:123:1:1",
          "season": 1,
          "title": "Episode 1",
        },
      ]

    [0m [90m 513 |[39m         expect(kitsuMock[33m.[39mgetKitsuIdFrom
TmdbId)[33m.[39mtoHaveBeenCalledWith([32m'200'[39m[33m,[39m 
[32m'series'[39m)[33m;[39m
     [90m 514 |[39m         [90m// Should have normalized Kitsu 
fallback IDs to the series base for stream addon compatibility[39m
    [31m[1m>[22m[39m[90m 515 |[39m         
expect(result[33m.[39mmeta[33m.[39mvideos)[33m.[39mtoEqual([
     [90m     |[39m                                    
[31m[1m^[22m[39m
     [90m 516 |[39m             { id[33m:[39m 
[32m'tt200:1:1'[39m[33m,[39m title[33m:[39m [32m'Episode 
1'[39m[33m,[39m season[33m:[39m [35m1[39m[33m,[39m 
episode[33m:[39m [35m1[39m }
     [90m 517 |[39m         ])[33m;[39m
     [90m 518 |[39m         [90m// Internal properties should be 
cleaned before sending to Stremio[39m[0m

      at Object.toEqual (tests/bugFixes.test.js:515:36)

  ÔùÅ Bug Fix: metaHandler SWR and anime detection ÔÇ║ should override 
TMDB episode list with Kitsu episodes for anime when Kitsu is available

    expect(received).toEqual(expected) // deep equality

    - Expected  - 1
    + Received  + 1

      Array [
        Object {
          "episode": 1,
    -     "id": "tt200:1:1",
    +     "id": "kitsu:123:1",
          "season": 1,
          "title": "Episode 1",
        },
      ]

    [0m [90m 565 |[39m             { id[33m:[39m 
[32m'tt200:1:1'[39m[33m,[39m title[33m:[39m [32m'Enter 
Naruto'[39m[33m,[39m season[33m:[39m [35m1[39m[33m,[39m 
episode[33m:[39m [35m1[39m[33m,[39m overview[33m:[39m [32m'Trama 
IT'[39m }
     [90m 566 |[39m         ])[33m;[39m
    [31m[1m>[22m[39m[90m 567 |[39m         
expect(result[33m.[39mmeta[33m.[39mvideos)[33m.[39mtoEqual([
     [90m     |[39m                                    
[31m[1m^[22m[39m
     [90m 568 |[39m             { id[33m:[39m 
[32m'tt200:1:1'[39m[33m,[39m title[33m:[39m [32m'Episode 
1'[39m[33m,[39m season[33m:[39m [35m1[39m[33m,[39m 
episode[33m:[39m [35m1[39m }
     [90m 569 |[39m         ])[33m;[39m
     [90m 570 |[39m     })[33m;[39m[0m

      at Object.toEqual (tests/bugFixes.test.js:567:36)

  ÔùÅ Bug Fix: metaHandler SWR and anime detection ÔÇ║ should normalize 
Kitsu fallback episode ids to the TMDB or IMDb series id

    expect(received).toEqual(expected) // deep equality

    - Expected  - 1
    + Received  + 1

      Array [
        Object {
          "episode": 7,
    -     "id": "tt200:1:7",
    +     "id": "kitsu:123:7",
          "overview": "Fallback overview",
          "season": 1,
          "title": "Episode 7",
        },
      ]

    [0m [90m 607 |[39m         )[33m;[39m
     [90m 608 |[39m
    [31m[1m>[22m[39m[90m 609 |[39m         
expect(result[33m.[39mmeta[33m.[39mvideos)[33m.[39mtoEqual([
     [90m     |[39m                                    
[31m[1m^[22m[39m
     [90m 610 |[39m             { id[33m:[39m 
[32m'tt200:1:7'[39m[33m,[39m title[33m:[39m [32m'Episode 
7'[39m[33m,[39m season[33m:[39m [35m1[39m[33m,[39m 
episode[33m:[39m [35m7[39m[33m,[39m overview[33m:[39m 
[32m'Fallback overview'[39m }
     [90m 611 |[39m         ])[33m;[39m
     [90m 612 |[39m     })[33m;[39m[0m

      at Object.toEqual (tests/bugFixes.test.js:609:36)

  ÔùÅ Bug Fix: Anime keyword detection uses raw keywords, not sliced links 
ÔÇ║ should detect anime even when anime keyword is beyond the first 5 link 
slots

    expect(received).toEqual(expected) // deep equality

    - Expected  - 1
    + Received  + 1

      Array [
        Object {
          "episode": 1,
    -     "id": "tt300:1:1",
    +     "id": "kitsu:456:1:1",
          "season": 1,
          "title": "Romance Dawn",
        },
      ]

    [0m [90m 735 |[39m         [90m// Should have detected anime via 
_isAnime flag (set by getTmdbMetaDetails)[39m
     [90m 736 |[39m         expect(kitsuMock[33m.[39mgetKitsuIdFromTmdb
Id)[33m.[39mtoHaveBeenCalledWith([32m'300'[39m[33m,[39m 
[32m'series'[39m)[33m;[39m
    [31m[1m>[22m[39m[90m 737 |[39m         
expect(result[33m.[39mmeta[33m.[39mvideos)[33m.[39mtoEqual([
     [90m     |[39m                                    
[31m[1m^[22m[39m
     [90m 738 |[39m             { id[33m:[39m 
[32m'tt300:1:1'[39m[33m,[39m title[33m:[39m [32m'Romance 
Dawn'[39m[33m,[39m season[33m:[39m [35m1[39m[33m,[39m 
episode[33m:[39m [35m1[39m }
     [90m 739 |[39m         ])[33m;[39m
     [90m 740 |[39m         [90m// Internal properties should be 
cleaned before sending to Stremio[39m[0m

      at Object.toEqual (tests/bugFixes.test.js:737:36)

Test Suites: 1 failed, 1 total
Tests:       4 failed, 19 passed, 23 total
Snapshots:   0 total
Time:        3.125 s, estimated 4 s
Ran all test suites matching tests/bugFixes.test.js.
Jest did not exit one second after the test run has completed.

'This usually means that there are asynchronous operations that weren't 
stopped in your tests. Consider running Jest with `--detectOpenHandles` to 
troubleshoot this issue.
